[INFO] Scanning for projects...
[INFO] 
[INFO] ---------------------< com.meloCoding:dream_shops >---------------------
[INFO] Building  0.0.1-SNAPSHOT
[INFO]   from pom.xml
[INFO] --------------------------------[ jar ]---------------------------------
[INFO] 
[INFO] --- resources:3.3.1:resources (default-resources) @ dream_shops ---
[INFO] Copying 1 resource from src\main\resources to target\classes
[INFO] Copying 0 resource from src\main\resources to target\classes
[INFO] 
[INFO] --- compiler:3.13.0:compile (default-compile) @ dream_shops ---
[INFO] Recompiling the module because of changed source code.
[INFO] Compiling 19 source files with javac [debug parameters release 21] to target\classes
[INFO] -------------------------------------------------------------
[ERROR] COMPILATION ERROR : 
[INFO] -------------------------------------------------------------
[ERROR] /E:/dream_shops/src/main/java/com/meloCoding/dream_shops/services/product/ProductService.java:[14,54] cannot find symbol
  symbol:   class categoryRepository
  location: package com.meloCoding.dream_shops.services.repository
[ERROR] /E:/dream_shops/src/main/java/com/meloCoding/dream_shops/services/product/ProductService.java:[24,13] cannot find symbol
  symbol:   class categoryRepository
  location: class com.meloCoding.dream_shops.services.product.ProductService
[ERROR] /E:/dream_shops/src/main/java/com/meloCoding/dream_shops/services/category/CategoryService.java:[39,75] cannot find symbol
  symbol:   method getName()
  location: variable category of type com.meloCoding.dream_shops.models.Category
[ERROR] /E:/dream_shops/src/main/java/com/meloCoding/dream_shops/services/category/CategoryService.java:[41,54] cannot find symbol
  symbol:   method getName()
  location: variable category of type com.meloCoding.dream_shops.models.Category
[ERROR] /E:/dream_shops/src/main/java/com/meloCoding/dream_shops/services/category/CategoryService.java:[49,41] cannot find symbol
  symbol:   method getName()
  location: variable category of type com.meloCoding.dream_shops.models.Category
[ERROR] /E:/dream_shops/src/main/java/com/meloCoding/dream_shops/services/image/ImageService.java:[51,22] cannot find symbol
  symbol:   method setFileName(java.lang.String)
  location: variable image of type com.meloCoding.dream_shops.models.Image
[ERROR] /E:/dream_shops/src/main/java/com/meloCoding/dream_shops/services/image/ImageService.java:[52,22] cannot find symbol
  symbol:   method setFileType(java.lang.String)
  location: variable image of type com.meloCoding.dream_shops.models.Image
[ERROR] /E:/dream_shops/src/main/java/com/meloCoding/dream_shops/services/image/ImageService.java:[53,22] cannot find symbol
  symbol:   method setImage(javax.sql.rowset.serial.SerialBlob)
  location: variable image of type com.meloCoding.dream_shops.models.Image
[ERROR] /E:/dream_shops/src/main/java/com/meloCoding/dream_shops/services/image/ImageService.java:[54,22] cannot find symbol
  symbol:   method setProduct(com.meloCoding.dream_shops.models.Product)
  location: variable image of type com.meloCoding.dream_shops.models.Image
[ERROR] /E:/dream_shops/src/main/java/com/meloCoding/dream_shops/services/image/ImageService.java:[60,72] cannot find symbol
  symbol:   method getId()
  location: variable savedImage of type com.meloCoding.dream_shops.models.Image
[ERROR] /E:/dream_shops/src/main/java/com/meloCoding/dream_shops/services/image/ImageService.java:[64,47] cannot find symbol
  symbol:   method getId()
  location: variable savedImage of type com.meloCoding.dream_shops.models.Image
[ERROR] /E:/dream_shops/src/main/java/com/meloCoding/dream_shops/services/image/ImageService.java:[65,49] cannot find symbol
  symbol:   method getFileName()
  location: variable savedImage of type com.meloCoding.dream_shops.models.Image
[ERROR] /E:/dream_shops/src/main/java/com/meloCoding/dream_shops/services/image/ImageService.java:[66,51] cannot find symbol
  symbol:   method getDownloadUrl()
  location: variable savedImage of type com.meloCoding.dream_shops.models.Image
[ERROR] /E:/dream_shops/src/main/java/com/meloCoding/dream_shops/services/image/ImageService.java:[79,18] cannot find symbol
  symbol:   method setFileName(java.lang.String)
  location: variable image of type com.meloCoding.dream_shops.models.Image
[ERROR] /E:/dream_shops/src/main/java/com/meloCoding/dream_shops/services/image/ImageService.java:[80,18] cannot find symbol
  symbol:   method setFileType(java.lang.String)
  location: variable image of type com.meloCoding.dream_shops.models.Image
[ERROR] /E:/dream_shops/src/main/java/com/meloCoding/dream_shops/services/image/ImageService.java:[81,18] cannot find symbol
  symbol:   method setImage(javax.sql.rowset.serial.SerialBlob)
  location: variable image of type com.meloCoding.dream_shops.models.Image
[ERROR] /E:/dream_shops/src/main/java/com/meloCoding/dream_shops/services/product/ProductService.java:[32,86] cannot find symbol
  symbol:   method getCategory()
  location: variable request of type com.meloCoding.dream_shops.request.AddProductRequest
[ERROR] /E:/dream_shops/src/main/java/com/meloCoding/dream_shops/services/product/ProductService.java:[34,64] cannot find symbol
  symbol:   method getCategory()
  location: variable request of type com.meloCoding.dream_shops.request.AddProductRequest
[ERROR] /E:/dream_shops/src/main/java/com/meloCoding/dream_shops/services/product/ProductService.java:[37,16] cannot find symbol
  symbol:   method setCategory(com.meloCoding.dream_shops.models.Category)
  location: variable request of type com.meloCoding.dream_shops.request.AddProductRequest
[ERROR] /E:/dream_shops/src/main/java/com/meloCoding/dream_shops/services/product/ProductService.java:[43,24] cannot find symbol
  symbol:   method getName()
  location: variable request of type com.meloCoding.dream_shops.request.AddProductRequest
[ERROR] /E:/dream_shops/src/main/java/com/meloCoding/dream_shops/services/product/ProductService.java:[44,24] cannot find symbol
  symbol:   method getBrand()
  location: variable request of type com.meloCoding.dream_shops.request.AddProductRequest
[ERROR] /E:/dream_shops/src/main/java/com/meloCoding/dream_shops/services/product/ProductService.java:[45,24] cannot find symbol
  symbol:   method getPrice()
  location: variable request of type com.meloCoding.dream_shops.request.AddProductRequest
[ERROR] /E:/dream_shops/src/main/java/com/meloCoding/dream_shops/services/product/ProductService.java:[46,24] cannot find symbol
  symbol:   method getInventory()
  location: variable request of type com.meloCoding.dream_shops.request.AddProductRequest
[ERROR] /E:/dream_shops/src/main/java/com/meloCoding/dream_shops/services/product/ProductService.java:[47,24] cannot find symbol
  symbol:   method getDescription()
  location: variable request of type com.meloCoding.dream_shops.request.AddProductRequest
[ERROR] /E:/dream_shops/src/main/java/com/meloCoding/dream_shops/services/product/ProductService.java:[60,40] cannot find symbol
  symbol:   method getName()
  location: variable request of type com.meloCoding.dream_shops.request.ProductUpdateRequest
[ERROR] /E:/dream_shops/src/main/java/com/meloCoding/dream_shops/services/product/ProductService.java:[61,41] cannot find symbol
  symbol:   method getBrand()
  location: variable request of type com.meloCoding.dream_shops.request.ProductUpdateRequest
[ERROR] /E:/dream_shops/src/main/java/com/meloCoding/dream_shops/services/product/ProductService.java:[62,41] cannot find symbol
  symbol:   method getPrice()
  location: variable request of type com.meloCoding.dream_shops.request.ProductUpdateRequest
[ERROR] /E:/dream_shops/src/main/java/com/meloCoding/dream_shops/services/product/ProductService.java:[63,45] cannot find symbol
  symbol:   method getInventory()
  location: variable request of type com.meloCoding.dream_shops.request.ProductUpdateRequest
[ERROR] /E:/dream_shops/src/main/java/com/meloCoding/dream_shops/services/product/ProductService.java:[64,47] cannot find symbol
  symbol:   method getDescription()
  location: variable request of type com.meloCoding.dream_shops.request.ProductUpdateRequest
[ERROR] /E:/dream_shops/src/main/java/com/meloCoding/dream_shops/services/product/ProductService.java:[66,66] cannot find symbol
  symbol:   method getCategory()
  location: variable request of type com.meloCoding.dream_shops.request.ProductUpdateRequest
[ERROR] /E:/dream_shops/src/main/java/com/meloCoding/dream_shops/services/product/ProductService.java:[67,24] cannot find symbol
  symbol:   method setCategory(com.meloCoding.dream_shops.models.Category)
  location: variable existingProduct of type com.meloCoding.dream_shops.models.Product
[INFO] 31 errors 
[INFO] -------------------------------------------------------------
[INFO] ------------------------------------------------------------------------
[INFO] BUILD FAILURE
[INFO] ------------------------------------------------------------------------
[INFO] Total time:  5.250 s
[INFO] Finished at: 2026-04-16T20:19:14+02:00
[INFO] ------------------------------------------------------------------------
[ERROR] Failed to execute goal org.apache.maven.plugins:maven-compiler-plugin:3.13.0:compile (default-compile) on project dream_shops: Compilation failure: Compilation failure: 
[ERROR] /E:/dream_shops/src/main/java/com/meloCoding/dream_shops/services/product/ProductService.java:[14,54] cannot find symbol
[ERROR]   symbol:   class categoryRepository
[ERROR]   location: package com.meloCoding.dream_shops.services.repository
[ERROR] /E:/dream_shops/src/main/java/com/meloCoding/dream_shops/services/product/ProductService.java:[24,13] cannot find symbol
[ERROR]   symbol:   class categoryRepository
[ERROR]   location: class com.meloCoding.dream_shops.services.product.ProductService
[ERROR] /E:/dream_shops/src/main/java/com/meloCoding/dream_shops/services/category/CategoryService.java:[39,75] cannot find symbol
[ERROR]   symbol:   method getName()
[ERROR]   location: variable category of type com.meloCoding.dream_shops.models.Category
[ERROR] /E:/dream_shops/src/main/java/com/meloCoding/dream_shops/services/category/CategoryService.java:[41,54] cannot find symbol
[ERROR]   symbol:   method getName()
[ERROR]   location: variable category of type com.meloCoding.dream_shops.models.Category
[ERROR] /E:/dream_shops/src/main/java/com/meloCoding/dream_shops/services/category/CategoryService.java:[49,41] cannot find symbol
[ERROR]   symbol:   method getName()
[ERROR]   location: variable category of type com.meloCoding.dream_shops.models.Category
[ERROR] /E:/dream_shops/src/main/java/com/meloCoding/dream_shops/services/image/ImageService.java:[51,22] cannot find symbol
[ERROR]   symbol:   method setFileName(java.lang.String)
[ERROR]   location: variable image of type com.meloCoding.dream_shops.models.Image
[ERROR] /E:/dream_shops/src/main/java/com/meloCoding/dream_shops/services/image/ImageService.java:[52,22] cannot find symbol
[ERROR]   symbol:   method setFileType(java.lang.String)
[ERROR]   location: variable image of type com.meloCoding.dream_shops.models.Image
[ERROR] /E:/dream_shops/src/main/java/com/meloCoding/dream_shops/services/image/ImageService.java:[53,22] cannot find symbol
[ERROR]   symbol:   method setImage(javax.sql.rowset.serial.SerialBlob)
[ERROR]   location: variable image of type com.meloCoding.dream_shops.models.Image
[ERROR] /E:/dream_shops/src/main/java/com/meloCoding/dream_shops/services/image/ImageService.java:[54,22] cannot find symbol
[ERROR]   symbol:   method setProduct(com.meloCoding.dream_shops.models.Product)
[ERROR]   location: variable image of type com.meloCoding.dream_shops.models.Image
[ERROR] /E:/dream_shops/src/main/java/com/meloCoding/dream_shops/services/image/ImageService.java:[60,72] cannot find symbol
[ERROR]   symbol:   method getId()
[ERROR]   location: variable savedImage of type com.meloCoding.dream_shops.models.Image
[ERROR] /E:/dream_shops/src/main/java/com/meloCoding/dream_shops/services/image/ImageService.java:[64,47] cannot find symbol
[ERROR]   symbol:   method getId()
[ERROR]   location: variable savedImage of type com.meloCoding.dream_shops.models.Image
[ERROR] /E:/dream_shops/src/main/java/com/meloCoding/dream_shops/services/image/ImageService.java:[65,49] cannot find symbol
[ERROR]   symbol:   method getFileName()
[ERROR]   location: variable savedImage of type com.meloCoding.dream_shops.models.Image
[ERROR] /E:/dream_shops/src/main/java/com/meloCoding/dream_shops/services/image/ImageService.java:[66,51] cannot find symbol
[ERROR]   symbol:   method getDownloadUrl()
[ERROR]   location: variable savedImage of type com.meloCoding.dream_shops.models.Image
[ERROR] /E:/dream_shops/src/main/java/com/meloCoding/dream_shops/services/image/ImageService.java:[79,18] cannot find symbol
[ERROR]   symbol:   method setFileName(java.lang.String)
[ERROR]   location: variable image of type com.meloCoding.dream_shops.models.Image
[ERROR] /E:/dream_shops/src/main/java/com/meloCoding/dream_shops/services/image/ImageService.java:[80,18] cannot find symbol
[ERROR]   symbol:   method setFileType(java.lang.String)
[ERROR]   location: variable image of type com.meloCoding.dream_shops.models.Image
[ERROR] /E:/dream_shops/src/main/java/com/meloCoding/dream_shops/services/image/ImageService.java:[81,18] cannot find symbol
[ERROR]   symbol:   method setImage(javax.sql.rowset.serial.SerialBlob)
[ERROR]   location: variable image of type com.meloCoding.dream_shops.models.Image
[ERROR] /E:/dream_shops/src/main/java/com/meloCoding/dream_shops/services/product/ProductService.java:[32,86] cannot find symbol
[ERROR]   symbol:   method getCategory()
[ERROR]   location: variable request of type com.meloCoding.dream_shops.request.AddProductRequest
[ERROR] /E:/dream_shops/src/main/java/com/meloCoding/dream_shops/services/product/ProductService.java:[34,64] cannot find symbol
[ERROR]   symbol:   method getCategory()
[ERROR]   location: variable request of type com.meloCoding.dream_shops.request.AddProductRequest
[ERROR] /E:/dream_shops/src/main/java/com/meloCoding/dream_shops/services/product/ProductService.java:[37,16] cannot find symbol
[ERROR]   symbol:   method setCategory(com.meloCoding.dream_shops.models.Category)
[ERROR]   location: variable request of type com.meloCoding.dream_shops.request.AddProductRequest
[ERROR] /E:/dream_shops/src/main/java/com/meloCoding/dream_shops/services/product/ProductService.java:[43,24] cannot find symbol
[ERROR]   symbol:   method getName()
[ERROR]   location: variable request of type com.meloCoding.dream_shops.request.AddProductRequest
[ERROR] /E:/dream_shops/src/main/java/com/meloCoding/dream_shops/services/product/ProductService.java:[44,24] cannot find symbol
[ERROR]   symbol:   method getBrand()
[ERROR]   location: variable request of type com.meloCoding.dream_shops.request.AddProductRequest
[ERROR] /E:/dream_shops/src/main/java/com/meloCoding/dream_shops/services/product/ProductService.java:[45,24] cannot find symbol
[ERROR]   symbol:   method getPrice()
[ERROR]   location: variable request of type com.meloCoding.dream_shops.request.AddProductRequest
[ERROR] /E:/dream_shops/src/main/java/com/meloCoding/dream_shops/services/product/ProductService.java:[46,24] cannot find symbol
[ERROR]   symbol:   method getInventory()
[ERROR]   location: variable request of type com.meloCoding.dream_shops.request.AddProductRequest
[ERROR] /E:/dream_shops/src/main/java/com/meloCoding/dream_shops/services/product/ProductService.java:[47,24] cannot find symbol
[ERROR]   symbol:   method getDescription()
[ERROR]   location: variable request of type com.meloCoding.dream_shops.request.AddProductRequest
[ERROR] /E:/dream_shops/src/main/java/com/meloCoding/dream_shops/services/product/ProductService.java:[60,40] cannot find symbol
[ERROR]   symbol:   method getName()
[ERROR]   location: variable request of type com.meloCoding.dream_shops.request.ProductUpdateRequest
[ERROR] /E:/dream_shops/src/main/java/com/meloCoding/dream_shops/services/product/ProductService.java:[61,41] cannot find symbol
[ERROR]   symbol:   method getBrand()
[ERROR]   location: variable request of type com.meloCoding.dream_shops.request.ProductUpdateRequest
[ERROR] /E:/dream_shops/src/main/java/com/meloCoding/dream_shops/services/product/ProductService.java:[62,41] cannot find symbol
[ERROR]   symbol:   method getPrice()
[ERROR]   location: variable request of type com.meloCoding.dream_shops.request.ProductUpdateRequest
[ERROR] /E:/dream_shops/src/main/java/com/meloCoding/dream_shops/services/product/ProductService.java:[63,45] cannot find symbol
[ERROR]   symbol:   method getInventory()
[ERROR]   location: variable request of type com.meloCoding.dream_shops.request.ProductUpdateRequest
[ERROR] /E:/dream_shops/src/main/java/com/meloCoding/dream_shops/services/product/ProductService.java:[64,47] cannot find symbol
[ERROR]   symbol:   method getDescription()
[ERROR]   location: variable request of type com.meloCoding.dream_shops.request.ProductUpdateRequest
[ERROR] /E:/dream_shops/src/main/java/com/meloCoding/dream_shops/services/product/ProductService.java:[66,66] cannot find symbol
[ERROR]   symbol:   method getCategory()
[ERROR]   location: variable request of type com.meloCoding.dream_shops.request.ProductUpdateRequest
[ERROR] /E:/dream_shops/src/main/java/com/meloCoding/dream_shops/services/product/ProductService.java:[67,24] cannot find symbol
[ERROR]   symbol:   method setCategory(com.meloCoding.dream_shops.models.Category)
[ERROR]   location: variable existingProduct of type com.meloCoding.dream_shops.models.Product
[ERROR] -> [Help 1]
[ERROR] 
[ERROR] To see the full stack trace of the errors, re-run Maven with the -e switch.
[ERROR] Re-run Maven using the -X switch to enable full debug logging.
[ERROR] 
[ERROR] For more information about the errors and possible solutions, please read the following articles:
[ERROR] [Help 1] http://cwiki.apache.org/confluence/display/MAVEN/MojoFailureException
